// Jest Snapshot v1, https://goo.gl/fbAQLP

exports[`Layout Logo should render Logo with status JOY 1`] = `
<g
  id="joy"
  transform="translate(304 32)"
>
  <g
    id="Group"
  >
    <circle
      cx={39}
      cy={39}
      fill="#FFDD67"
      id="Oval"
      r={39}
    />
    <path
      d="m62 42.2c-0.5-0.7-1.5-0.6-2.5-0.6h-41c-1 0-2-0.1-2.5 0.6-5.1 6.4 0.9 25.4 23 25.4s28.1-19 23-25.4z"
      fill="#664E27"
      id="Shape"
    />
    <path
      d="m41.4 51.7c-0.8-0.1-1.9 0.6-1.5 2.5 0.2 0.9 1.6 2.1 1.6 3.6 0 3.1-5 3.1-5 0 0-1.5 1.4-2.7 1.6-3.6 0.4-1.9-0.7-2.6-1.5-2.5-2 0-5.4 2.2-5.4 5.9 0 4.2 3.5 7.6 7.8 7.6s7.8-3.4 7.8-7.6c0-3.7-3.4-5.9-5.4-5.9z"
      fill="#4C3526"
      id="Shape"
    />
    <path
      d="m29 63.3c2.9 1.2 6.2 1.9 10 1.9s7.1-0.7 10-1.9c-2.8-1.4-6.1-2.2-10-2.2s-7.2 0.8-10 2.2z"
      fill="#FF717F"
      id="Shape"
    />
    <path
      d="m58.4 44.2h-38.8c-2.7 0-2.7 5.2-0.1 5.2h39c2.6 0 2.6-5.2-0.1-5.2z"
      fill="#fff"
      id="Shape"
    />
    <g
      fill="#65B1EF"
      id="Shape"
      transform="translate(0 37.7)"
    >
      <path
        d="m74.7 7.64c9.5 9.96-3.4 23.6-12.9 13.6-7-7.3-7.3-21.2-7.3-21.2 0 0.013 13.2 0.347 20.2 7.64zm-58.5 13.6c-9.46 10-22.4-3.6-12.9-13.6 7-7.25 20.2-7.59 20.2-7.59 0 0.003-0.3 13.9-7.3 21.2z"
      />
    </g>
    <g
      fill="#664E27"
      id="Shape"
      transform="translate(14.3 24.7)"
    >
      <path
        d="m20.2 9.97c-2.4-6.64-6.1-9.97-9.7-9.97-3.66 0-7.3 3.33-9.71 9.97-0.243 0.63 1 1.83 1.63 1.23 2.34-2.48 5.14-3.47 8.08-3.47 2.9 0 5.7 0.99 8.1 3.47 0.6 0.6 1.8-0.6 1.6-1.23zm28.4 0c-2.4-6.64-6-9.97-9.7-9.97-3.6 0-7.3 3.33-9.7 9.97-0.2 0.63 1 1.83 1.6 1.23 2.4-2.48 5.2-3.47 8.1-3.47s5.7 0.99 8.1 3.47c0.6 0.6 1.9-0.6 1.6-1.23z"
      />
    </g>
  </g>
</g>
`;

exports[`Layout Logo should render Logo with status LOVED 1`] = `
<g
  id="loved"
  transform="translate(304 32)"
>
  <g
    id="Group"
  >
    <path
      d="m78 39c0 21.5-17.5 39-39 39s-39-17.5-39-39 17.5-39 39-39 39 17.5 39 39z"
      fill="#FFDD67"
      id="Shape"
    />
    <path
      d="m77.8 14.6c-0.6-3.5-2.6-6.37-5.8-7.23-3.4-0.95-6.6 0.41-9.7 3.53-1.7-4.74-4.3-8.24-8.4-10-4.3-1.89-8.4-0.645-11 2.64-2.7 3.42-3.8 8.66-0.9 15.6 2.7 6.5 14.9 19.5 15.2 19.9 0.5-0.3 14-8.7 17.3-12.9 3.2-4 3.9-8.1 3.3-11.5zm-42.7-11.1c-2.6-3.28-6.7-4.53-11-2.68-4.1 1.8-6.7 5.3-8.4 10-3.1-3.12-6.25-4.48-9.7-3.53-3.16 0.86-5.2 3.73-5.8 7.23-0.599 3.4 0.072 7.5 3.31 11.5 3.31 4.2 16.8 12.6 17.3 12.9 0.3-0.4 12.5-13.4 15.2-19.9 2.9-6.9 1.8-12.1-0.9-15.6v0.04z"
      fill="#F46767"
      id="Shape"
    />
    <path
      d="m61.1 46.9c0-1.1-0.6-2.4-2.4-2.7-4.5-0.9-11.1-1.8-19.7-1.8s-15.2 0.9-19.7 1.8c-1.8 0.3-2.4 1.6-2.4 2.7 0 9.4 7.3 18.9 22.1 18.9s22.1-9.5 22.1-18.9z"
      fill="#664E27"
      id="Shape"
    />
    <path
      d="m55.5 47.2c-2.9-0.5-8.9-1.3-16.5-1.3s-13.6 0.8-16.5 1.3c-1.7 0.3-1.8 0.9-1.7 1.9 0.1 0.6 0.2 1.3 0.4 2 0.2 0.9 0.3 1.2 1.6 1.1 2.5-0.3 29.9-0.3 32.4 0 1.3 0.1 1.4-0.2 1.6-1.1 0.2-0.7 0.3-1.4 0.4-2 0.1-1 0-1.6-1.7-1.9z"
      fill="#fff"
      id="Shape"
    />
  </g>
</g>
`;

exports[`Layout Logo should render Logo with status SEXY 1`] = `
<g
  id="sexy"
  transform="translate(304 32)"
>
  <g
    id="Group"
  >
    <ellipse
      cx={39}
      cy={39}
      fill="#FFDD67"
      id="Oval"
      rx={39}
      ry={39}
    />
    <ellipse
      cx="66.1"
      cy="45.7"
      fill="#FF717F"
      id="Oval"
      rx="10.4"
      ry="10.4"
    />
    <ellipse
      cx="11.9"
      cy="45.7"
      fill="#FF717F"
      id="Oval"
      rx="10.4"
      ry="10.4"
    />
    <path
      d="m68.4 24.2c-3.5-4.2-8.7-6.7-14.2-6.6-0.8 0-1-2.9 0-2.9 6.3 0 12.4 2.8 16.4 7.7 0.6 0.7-1.7 2.4-2.2 1.8zm-44.6-6.8c-5.5 0-10.7 2.4-14.2 6.6-0.52 0.6-2.81-1.1-2.23-1.8 4.03-4.9 10.1-7.7 16.4-7.7 1 0 0.8 2.9 0 2.9z"
      fill="#917524"
      id="Shape"
    />
    <ellipse
      cx={39}
      cy="61.7"
      fill="#664E27"
      id="Oval"
      rx="5.85"
      ry="5.85"
    />
    <path
      d="m35.8 35.3c0 6.4-5.3 11.7-11.8 11.7-6.4 0-11.6-5.3-11.6-11.7 0-6.5 5.2-11.7 11.6-11.7 6.5 0 11.8 5.2 11.8 11.7z"
      fill="#fff"
      id="Shape"
    />
    <ellipse
      cx={24}
      cy="35.3"
      fill="#664E27"
      id="Oval"
      rx="5.85"
      ry="5.85"
    />
    <g
      transform="translate(41.6 23.4)"
    >
      <path
        d="m24 11.9c0 6.4-5.2 11.7-11.6 11.7-6.51 0-11.8-5.3-11.8-11.7 0.05-6.48 5.29-11.7 11.8-11.7 6.4-0.022 11.6 5.22 11.6 11.7z"
        fill="#fff"
        id="Shape"
      />
      <ellipse
        cx="12.4"
        cy="11.9"
        fill="#664E27"
        id="Oval"
        rx="5.85"
        ry="5.85"
      />
    </g>
  </g>
</g>
`;

exports[`Layout Logo should render Logo with status SMILING 1`] = `
<g
  id="haha"
  transform="translate(304 32)"
>
  <g
    id="Group"
  >
    <path
      d="m39 78c21.5 0 39-17.5 39-39s-17.5-39-39-39-39 17.5-39 39 17.5 39 39 39z"
      fill="#FFDD67"
      id="Oval"
    />
    <g
      fill="#664E27"
      id="Shape"
      transform="translate(11.7 20.5)"
    >
      <path
        d="m52.9 2.09c0.3 0.15 0.4 0.47 0.4 0.79-0.1 0.32-0.3 0.57-0.6 0.63-3.5 0.52-7.3 1.12-10.8 3.07 5.2 0.87 9.4 3.52 11.7 6.32 0.5 0.6-0.1 1.4-0.7 1.2-6.2-2.3-12.6-3.5-20.6-2.6-0.6 0-1.2-0.3-1-0.9 2.1-9.39 14.2-12.9 21.6-8.51zm-51.2 0c-0.29 0.15-0.45 0.47-0.4 0.79s0.3 0.57 0.62 0.63c3.5 0.52 7.21 1.12 10.8 3.07-5.35 0.87-9.55 3.52-11.8 6.32-0.538 0.6 0.11 1.4 0.68 1.2 6.2-2.3 12.6-3.5 20.6-2.6 0.6 0 1.2-0.3 1-0.9-2.1-9.39-14.2-12.9-21.6-8.51h0.03z"
      />
    </g>
    <path
      d="m62 42.2c-0.5-0.7-1.5-0.6-2.5-0.6h-41c-1 0-2-0.1-2.5 0.6-5.1 6.4 0.9 25.4 23 25.4s28.1-19 23-25.4z"
      fill="#664E27"
      id="Shape"
    />
    <path
      d="m41.4 51.7c-0.8-0.1-1.9 0.6-1.5 2.5 0.2 0.9 1.6 2.1 1.6 3.6 0 3.1-5 3.1-5 0 0-1.5 1.4-2.7 1.6-3.6 0.4-1.9-0.7-2.6-1.5-2.5-2 0-5.4 2.2-5.4 5.9 0 4.2 3.5 7.6 7.8 7.6s7.8-3.4 7.8-7.6c0-3.7-3.4-5.9-5.4-5.9z"
      fill="#4C3526"
      id="Shape"
    />
    <path
      d="m29 63.3c2.9 1.2 6.2 1.9 10 1.9s7.1-0.7 10-1.9c-2.8-1.4-6.1-2.2-10-2.2s-7.2 0.8-10 2.2z"
      fill="#FF717F"
      id="Shape"
    />
    <path
      d="m58.4 44.2h-38.8c-2.7 0-2.7 5.2-0.1 5.2h39c2.6 0 2.6-5.2-0.1-5.2z"
      fill="#fff"
      id="Shape"
    />
  </g>
</g>
`;

exports[`Layout Logo should render Logo with status SUNGLASSES 1`] = `
<g
  id="sunglasses"
  transform="translate(304 32)"
>
  <g
    id="Group"
  >
    <path
      d="m39 0c21.5 0 39 17.5 39 39s-17.5 39-39 39-39-17.5-39-39 17.5-39 39-39"
      fill="#FFDD67"
      id="Shape"
    />
    <path
      d="m44 24c-2.9 1.4-7.1 1.4-10 0-3.1-1.6-6.8-2.6-11.3-2.9-4.3-0.4-13.6-0.4-18.2 1.2-0.52 0.2-1.04 0.4-1.55 0.7-0.28 0.1-0.34 0.2-0.34 0.8v0.7c0 1.3-0.16 0.8 0.76 1.3 1.8 1 2.82 3.8 3.36 7.5 0.78 5.5 3.47 8.9 7.87 10.6 4 1.5 8.5 1.5 12.6-0.2 2.2-0.8 4.1-2.2 5.6-4.5 2.7-3.9 1.9-6.4 3.3-9.8 1.2-2.9 4.6-2.9 5.8 0 1.4 3.4 0.6 5.9 3.3 9.8 1.5 2.3 3.4 3.7 5.6 4.5 4.1 1.7 8.6 1.7 12.6 0.2 4.4-1.7 7.1-5.1 7.9-10.6 0.5-3.7 1.5-6.5 3.3-7.5 0.9-0.5 0.8 0 0.8-1.3v-0.7c0-0.6-0.1-0.7-0.4-0.8-0.5-0.3-1-0.5-1.5-0.7-4.6-1.6-13.9-1.6-18.2-1.2-4.5 0.3-8.2 1.3-11.3 2.9"
      fill="#494949"
      id="Shape"
    />
    <path
      d="m55.4 52.4c-10.6 7.3-22.3 7.3-32.8 0-1.2-0.9-2.4 0.6-1.5 2 3.2 5.3 9.6 10 17.9 10s14.7-4.7 17.9-10c0.9-1.4-0.3-2.9-1.5-2z"
      fill="#664E27"
      id="Shape"
    />
  </g>
</g>
`;

exports[`Layout Logo should render Logo with status TONGUE 1`] = `
<g
  id="tongue"
  transform="translate(304 32)"
>
  <g
    id="Group"
  >
    <ellipse
      cx={39}
      cy={39}
      fill="#FFDD67"
      id="Oval"
      rx={39}
      ry={39}
    />
    <path
      d="m38 29.4c0 7.1-5.8 13-13 13s-13-5.9-13-13c0-7.2 5.8-13 13-13s13 5.8 13 13z"
      fill="#fff"
      id="Shape"
    />
    <ellipse
      cx={25}
      cy="29.4"
      fill="#664E27"
      id="Oval"
      rx="5.85"
      ry="5.85"
    />
    <path
      d="m63.7 35.3c-2.5-5.3-6.1-8-9.7-8-3.7 0-7.3 2.7-9.8 8-0.2 0.5 1 1.5 1.7 0.9 2.3-1.9 5.1-2.7 8.1-2.7 2.9 0 5.7 0.8 8 2.7 0.7 0.6 1.9-0.4 1.7-0.9z"
      fill="#664E27"
      id="Shape"
    />
    <g
      id="Shape"
      transform="translate(16.9 46.8)"
    >
      <path
        d="m42.7 0h-41.2c-0.989 0-1.5 0.659-1.5 1.3 0.0013 9.5 7.75 19.5 22.1 19.5s22.1-10 22.1-19.5c0-0.641-0.5-1.3-1.5-1.3z"
        fill="#664E27"
      />
      <path
        d="m34 7.8h-11.9-11.9c-0.95 0-1.1 0.41-1.1 1.1v5.2c0 11.4 5.8 17.1 13 17.1s13-5.7 13-17.1v-5.2c0-0.69-0.1-1.1-1.1-1.1z"
        fill="#FF717F"
      />
      <polygon
        fill="#E2596C"
        points="24 7.8 22.1 25.7 20.2 7.8"
      />
    </g>
  </g>
</g>
`;

exports[`Layout should render the component 1`] = `
[
  <svg
    height={0}
    style={
      {
        "height": 0,
        "position": "absolute",
        "width": 0,
      }
    }
    version="1.1"
    width={0}
    xmlns="http://www.w3.org/2000/svg"
    xmlnsXlink="http://www.w3.org/1999/xlink"
  >
    <defs>
      <symbol
        id="icon-heart"
        viewBox="0 0 64 64"
      >
        <title>
          heart
        </title>
        <path
          className="heart"
          d="m61.1 18.2c-6.4-17-27.2-9.4-29.1-.9-2.6-9-22.9-15.7-29.1.9-6.9 18.5 26.7 35.1 29.1 37.8 2.4-2.2 36-19.6 29.1-37.8"
          fill="#ff5a79"
        />
      </symbol>
      <symbol
        id="icon-star"
        viewBox="0 0 64 64"
      >
        <title>
          star
        </title>
        <path
          className="twitter"
          d="M62,25.2H39.1L32,3l-7.1,22.2H2l18.5,13.7l-7,22.1L32,47.3L50.5,61l-7.1-22.2L62,25.2z"
          fill="#FFDD67"
        />
      </symbol>
      <symbol
        id="icon-twitter"
        viewBox="0 0 64 64"
      >
        <title>
          twitter
        </title>
        <g
          fill="#42ade2"
        >
          <path
            d="m59.8 24.3c0 0 1.1-6.2-3.5-3.4 0 0-.4-6.3-4.3-1.9 0 0-2.1-3.9-4.4-.3-3.1 4.8-5.2 12.4-3.2 25l3.8-2.5c2.7-7.9 12.4-8.8 13.7-13.1.9-3-2.1-3.8-2.1-3.8"
          />
          <path
            d="m22.1 17.6l-9.9 3.6c2.2-12 16.6-11.2 16.6-11.2s-6.8 3.2-6.7 7.6"
          />
          <path
            d="m23.7 19.8l-10.5 1.4c4.8-11.2 18.7-7.3 18.7-7.3s-7.3 1.6-8.2 5.9"
          />
        </g>
        <g
          fill="#ffd93b"
        >
          <path
            d="m2 29l5.4-1.4v3.6c0-.1-3.3-.6-5.4-2.2"
          />
          <path
            d="M7.4,27.5L2,24.8c3.6-2.8,7.7-1.9,7.7-1.9L7.4,27.5z"
          />
        </g>
        <g
          fill="#e08828"
        >
          <path
            d="m33.8 53h-2.1v7.9c-.3.1-2.1-.1-2.9-.1-1.8 0-3.3 1.3-3.3 1.3h8.3v-9.1"
          />
          <path
            d="m25 53h-2.1v7.9c-.3.1-2.1-.1-2.9-.1-1.8 0-3.3 1.3-3.3 1.3h8.3v-9.1"
          />
          <path
            d="m54 36.2c3.9 0-4.1 17.5-23.3 17.5-13 0-23.9-5.2-23.9-21.5 0-10.1 6.4-18.3 19.5-15 13.3 3.5 6.5 19 27.7 19"
            fill="#42ade2"
          />
          <path
            d="m37.6 51.7c-15.6 0-14-12-27.9-11.2 5.1 15.8 27.9 11.2 27.9 11.2"
            fill="#fff"
          />
          <path
            d="m39.1 29.2c-10-9.8-20.2 6.2-7.9 12.6 12.1 6.2 20.4-4.8 20.4-4.8s-6.1-1.5-12.5-7.8"
            fill="#297b9d"
          />
        </g>
        <circle
          cx="15.1"
          cy="24.9"
          fill="#3e4347"
          r="2.5"
        />
      </symbol>
      <symbol
        id="icon-twitter-x"
        viewBox="0 0 48 35"
      >
        <title>
          twitter-x
        </title>
        <path
          d="M12.91 5.477l14.813 19.882-14.907 16.164h3.356l13.05-14.152 10.544 14.152h11.418l-15.645-21L49.414 5.477H46.06l-12.02 13.035-9.71-13.035zm4.934 2.48h5.242L46.25 39.043h-5.246zm0 0"
        />
      </symbol>
      <symbol
        id="icon-list"
        viewBox="0 0 512 512"
        x="0px"
        y="0px"
      >
        <title>
          list
        </title>
        <path
          className=""
          d="M149.333 216v80c0 13.255-10.745 24-24 24H24c-13.255 0-24-10.745-24-24v-80c0-13.255 10.745-24 24-24h101.333c13.255 0 24 10.745 24 24zM0 376v80c0 13.255 10.745 24 24 24h101.333c13.255 0 24-10.745 24-24v-80c0-13.255-10.745-24-24-24H24c-13.255 0-24 10.745-24 24zM125.333 32H24C10.745 32 0 42.745 0 56v80c0 13.255 10.745 24 24 24h101.333c13.255 0 24-10.745 24-24V56c0-13.255-10.745-24-24-24zm80 448H488c13.255 0 24-10.745 24-24v-80c0-13.255-10.745-24-24-24H205.333c-13.255 0-24 10.745-24 24v80c0 13.255 10.745 24 24 24zm-24-424v80c0 13.255 10.745 24 24 24H488c13.255 0 24-10.745 24-24V56c0-13.255-10.745-24-24-24H205.333c-13.255 0-24 10.745-24 24zm24 264H488c13.255 0 24-10.745 24-24v-80c0-13.255-10.745-24-24-24H205.333c-13.255 0-24 10.745-24 24v80c0 13.255 10.745 24 24 24z"
          fill="currentColor"
        />
      </symbol>
      <symbol
        id="icon-grid"
        viewBox="0 0 512 512"
      >
        <title>
          grid
        </title>
        <path
          d="M149.333 56v80c0 13.255-10.745 24-24 24H24c-13.255 0-24-10.745-24-24V56c0-13.255 10.745-24 24-24h101.333c13.255 0 24 10.745 24 24zm181.334 240v-80c0-13.255-10.745-24-24-24H205.333c-13.255 0-24 10.745-24 24v80c0 13.255 10.745 24 24 24h101.333c13.256 0 24.001-10.745 24.001-24zm32-240v80c0 13.255 10.745 24 24 24H488c13.255 0 24-10.745 24-24V56c0-13.255-10.745-24-24-24H386.667c-13.255 0-24 10.745-24 24zm-32 80V56c0-13.255-10.745-24-24-24H205.333c-13.255 0-24 10.745-24 24v80c0 13.255 10.745 24 24 24h101.333c13.256 0 24.001-10.745 24.001-24zm-205.334 56H24c-13.255 0-24 10.745-24 24v80c0 13.255 10.745 24 24 24h101.333c13.255 0 24-10.745 24-24v-80c0-13.255-10.745-24-24-24zM0 376v80c0 13.255 10.745 24 24 24h101.333c13.255 0 24-10.745 24-24v-80c0-13.255-10.745-24-24-24H24c-13.255 0-24 10.745-24 24zm386.667-56H488c13.255 0 24-10.745 24-24v-80c0-13.255-10.745-24-24-24H386.667c-13.255 0-24 10.745-24 24v80c0 13.255 10.745 24 24 24zm0 160H488c13.255 0 24-10.745 24-24v-80c0-13.255-10.745-24-24-24H386.667c-13.255 0-24 10.745-24 24v80c0 13.255 10.745 24 24 24zM181.333 376v80c0 13.255 10.745 24 24 24h101.333c13.255 0 24-10.745 24-24v-80c0-13.255-10.745-24-24-24H205.333c-13.255 0-24 10.745-24 24z"
          fill="currentColor"
        />
      </symbol>
      <symbol
        id="icon-light"
        viewBox="0 0 24 24"
      >
        <title>
          light
        </title>
        <path
          d="M3.563 18.563l1.781-1.828 1.406 1.406-1.781 1.828zM11.016 22.453v-2.953h1.969v2.953h-1.969zM12 5.484q2.484 0 4.242 1.758t1.758 4.242-1.758 4.242-4.242 1.758-4.242-1.758-1.758-4.242 1.758-4.242 4.242-1.758zM20.016 10.5h3v2.016h-3v-2.016zM17.25 18.141l1.406-1.359 1.781 1.781-1.406 1.406zM20.438 4.453l-1.781 1.781-1.406-1.406 1.781-1.781zM12.984 0.563v2.953h-1.969v-2.953h1.969zM3.984 10.5v2.016h-3v-2.016h3zM6.75 4.828l-1.406 1.406-1.781-1.781 1.406-1.406z"
          fill="currentColor"
        />
      </symbol>
      <symbol
        id="icon-dark"
        viewBox="0 0 24 24"
      >
        <title>
          dark
        </title>
        <path
          d="M9.984 2.016q4.172 0 7.102 2.93t2.93 7.055-2.93 7.055-7.102 2.93q-2.719 0-4.969-1.313 2.297-1.313 3.633-3.633t1.336-5.039-1.336-5.039-3.633-3.633q2.25-1.313 4.969-1.313z"
          fill="currentColor"
        />
      </symbol>
    </defs>
  </svg>,
  <div
    className="hamburger"
  >
    <button
      aria-label="Open navigation menu"
      className="button"
      onClick={[Function]}
    >
      <svg
        fill="currentColor"
        height="48"
        width="48"
        xmlns="http://www.w3.org/2000/svg"
      >
        <path
          d="M6 12H42V16.032H6V12ZM6 25.968V22.03H42V25.968H6ZM6 36V31.968H42V36H6Z"
        />
      </svg>
    </button>
  </div>,
  <header
    className="header"
  >
    <svg
      className="logo"
      height="137px"
      version="1.1"
      viewBox="0 0 457 137"
      width="457px"
      xmlns="http://www.w3.org/2000/svg"
      xmlnsXlink="http://www.w3.org/1999/xlink"
    >
      <title>
        gitmoji
      </title>
      <g
        fill="none"
        fillRule="evenodd"
        id="gitmoji"
      >
        <g
          id="Logo"
          transform="translate(-270 -430)"
        >
          <g
            id="gitmoji"
            transform="translate(270 430)"
          >
            <path
              d="m17.5 106c0.6 4 2.4 7 5.3 10 2.9 2 6.6 4 11.2 4 6.1 0 10.7-2 14-5s4.9-8 4.9-15.1v-5.1c-1.5 2.3-3.8 4.4-7.1 6.2-3.2 2-7.5 3-12.6 3-4.7 0-9.1-1-13.1-3-4.1-1.5-7.6-3.9-10.5-7-2.91-3-5.22-6.7-6.9-10.8-1.68-4.2-2.52-8.8-2.52-13.8 0.004-4.7 0.82-9.1 2.45-13.3s3.89-7.9 6.77-11c2.9-3.2 6.3-5.7 10.4-7.5 4-1.8 8.5-2.7 13.4-2.7 5.6 0 10.1 1 13.4 3 3.2 2 5.5 4.2 6.7 6.6v-8.3h18.5v63.2c0 4.6-0.7 9.6-2.1 13.6-1.4 5-3.6 9-6.6 12-3 4-6.8 6-11.5 8s-10.4 4-17 4c-4.9 0-9.3-1-13.3-3-4-1-7.5-3-10.5-5-2.94-3-5.34-5-7.16-8-1.82-4-2.98-7-3.46-10l17.3-5zm19-18.6c4.9 0 8.9-1.6 12-4.9 3.1-3.2 4.7-7.6 4.7-13.1s-1.7-9.8-4.9-13c-3.3-3.2-7.2-4.8-11.8-4.8-2.4 0-4.7 0.4-6.7 1.2-2.1 0.8-3.9 2-5.4 3.6-1.6 1.6-2.8 3.5-3.6 5.7-0.9 2.2-1.3 4.6-1.3 7.3 0 5.6 1.6 10 4.7 13.2 3.2 3.2 7.3 4.8 12.3 4.8zm54.7 19.6v-70.8h18.8v70.8h-18.8zm-2.3-94c0-3.39 1.1-6.22 3.4-8.53 2.3-2.3 5.1-3.45 8.7-3.45 3 0 6 1.15 8 3.45 2 2.31 4 5.14 4 8.53 0 3.1-2 5.9-4 8.2s-5 3.4-8 3.4c-3.6 0-6.4-1.1-8.7-3.4s-3.4-5.1-3.4-8.2zm65.1 23.2h15v16.9h-15v29.7c0 3.1 1 5.2 2 6.4 2 1.2 4 1.8 7 1.8 1 0 2 0 3-0.1s2-0.3 3-0.5v15.6c-1 1-3 1-4 1-2 1-4 1-7 1-7 0-13-2-17-6-4-3.6-6-9-6-15.9v-33h-12v-16.9h3c4 0 7-1.1 8-3.3 2-2.1 3-4.8 3-8v-9.9h17v21.2zm30 70.8v-70.8h18v8.6c1-1.7 2-3.3 4-4.6 1-1.4 3-2.5 5-3.3 2-0.9 4-1.6 6-2 2-0.5 4-0.8 6-0.8 5 0 9 1 13 3.1 3 2 6 4.9 8 8.7 3-4.3 6-7.3 10-9.1s8-2.7 12-2.7 7 0.5 10 1.5c3 1.1 6 2.7 8 4.9 3 2.2 4 5 6 8.4 1 3.4 2 7.5 2 12.2v45.9h-19v-42c0-3.9 0-7.1-2-9.6-2-2.6-6-3.8-10-3.8s-7 1.3-10 4.1c-2 2.7-3 6-3 9.8v41.5h-19v-42c0-3.9-1-7.1-3-9.6-2-2.6-5-3.8-10-3.8-4 0-7 1.3-9 4-3 2.7-4 6-4 9.9v41.5h-19zm159-15.3c3 0 5-0.4 7-1.3 2-0.8 4-2.1 6-3.8 1-1.7 3-3.7 4-6.2s1-5.5 1-8.8c0-3.4 0-6.3-1-8.8s-3-4.6-4-6.3c-2-1.7-4-2.9-6-3.8s-4-1.3-7-1.3c-2 0-4 0.4-6 1.3-3 0.9-5 2.1-6 3.8-2 1.7-3 3.8-4 6.3s-2 5.4-2 8.8c0 3.3 1 6.3 2 8.8s2 4.5 4 6.2c1 1.7 3 3 6 3.8 2 0.9 4 1.3 6 1.3zm0-57.7c6 0 11 0.9 15 2.8 5 1.9 9 4.5 12 7.8s6 7.2 8 11.9c2 4.6 2 9.6 2 15.1 0 5.4 0 10.5-2 15-2 4.6-5 8.5-8 11.9-3 3.5-7 5.5-12 7.5-4 2-9 3-15 3-5 0-10-1-14-3-5-2-9-4-12-7.5-4-3.4-6-7.3-8-11.9-2-4.5-3-9.6-3-15 0-5.5 1-10.5 3-15.1 2-4.7 4-8.6 8-11.9 3-3.3 7-5.9 12-7.8 4-1.9 9-2.8 14-2.8zm53 2.2h19v76.8c0 4-1 7-2 10-1 2-2 5-4 7s-4 4-7 5-6 2-9 2-6-1-8-1c-2-1-3-1-3-1v-16h2c1 1 2 1 4 1 3 0 5-1 6-3 1-1 2-3 2-6v-74.8zm-3-23.4c0-3.34 1-6.17 4-8.47 2-2.31 5-3.46 8-3.46 3 0.002 6 1.15 9 3.46 2 2.3 3 5.13 3 8.47 0 3.3-1 6-3 8.3-3 2.3-6 3.4-9 3.4s-6-1.1-8-3.4c-3-2.3-4-5-4-8.3zm42 94.2v-70.8h19v70.8h-19zm-2-94c0-3.39 1-6.22 3-8.53 3-2.3 5-3.45 9-3.45 3 0 6 1.15 8 3.45 2 2.31 4 5.14 4 8.53 0 3.1-2 5.9-4 8.2s-5 3.4-8 3.4c-4 0-6-1.1-9-3.4-2-2.3-3-5.1-3-8.2z"
              fill="#000"
            />
          </g>
        </g>
      </g>
    </svg>
    <h2
      className="title"
    >
      An emoji guide for your commit messages
    </h2>
    <div
      className="buttons"
    >
      <a
        className="button"
        href="https://github.com/carloscuesta/gitmoji"
      >
        <svg
          className="icon icon-star"
        >
          <use
            xlinkHref="#icon-star"
          />
        </svg>
        GitHub
      </a>
      <a
        className="button"
        href="https://twitter.com/intent/tweet?text=gitmoji%20%E2%80%93%20An%20%23emoji%20guide%20for%20your%20commit%20messages%20by%20%40crloscuesta%20%F0%9F%98%8D%F0%9F%98%9C&url=https://gitmoji.dev"
        target="_blank"
      >
        <svg
          className="icon icon-twitter-x"
        >
          <use
            xlinkHref="#icon-twitter-x"
          />
        </svg>
        Share
      </a>
    </div>
  </header>,
  <main
    className="wrap"
  >
    <p>
      Some children
    </p>
  </main>,
  <footer
    className="footer"
  >
    <div
      className="wrap"
    >
      <div
        className="row middle-xs"
      >
        <div
          className="col-sm-6 madeWithLove"
        >
          <h3>
            Made with 
            <svg
              className="icon icon-heart"
            >
              <use
                xlinkHref="#icon-heart"
              />
            </svg>
             by
             
            <a
              href="https://carloscuesta.me"
            >
              Carlos Cuesta
            </a>
          </h3>
        </div>
        <div
          className="col-sm-6 footerNav"
        >
          <nav>
            <a
              href="/about"
              onClick={[Function]}
              onMouseEnter={[Function]}
              onTouchStart={[Function]}
            >
              About
            </a>
            <a
              href="/contributors"
              onClick={[Function]}
              onMouseEnter={[Function]}
              onTouchStart={[Function]}
            >
              Contributors
            </a>
            <a
              href="https://github.com/carloscuesta/gitmoji"
            >
              GitHub
            </a>
          </nav>
        </div>
      </div>
    </div>
  </footer>,
]
`;
