// Jest Snapshot v1, https://goo.gl/fbAQLP

exports[`GitmojiList should render the component 1`] = `
<div
  className="row center-xs"
  id="gitmoji-list"
>
  <article
    className="emoji col-xs-12 col-sm-6 col-md-3"
  >
    <div
      className="emoji-card"
    >
      <header
        className="art emoji-header"
      >
        <span
          className="emoji-icon gitmoji-emoji"
          data-clipboard-text="üé®"
        >
          üé®
        </span>
      </header>
      <div
        className="emoji-info"
      >
        <div
          className="gitmoji-code"
          data-clipboard-text=":art:"
        >
          <code>
            :art:
          </code>
        </div>
        <p>
          Improve structure / format of the code.
        </p>
      </div>
    </div>
  </article>
  <article
    className="emoji col-xs-12 col-sm-6 col-md-3"
  >
    <div
      className="emoji-card"
    >
      <header
        className="zap emoji-header"
      >
        <span
          className="emoji-icon gitmoji-emoji"
          data-clipboard-text="‚ö°Ô∏è"
        >
          ‚ö°Ô∏è
        </span>
      </header>
      <div
        className="emoji-info"
      >
        <div
          className="gitmoji-code"
          data-clipboard-text=":zap:"
        >
          <code>
            :zap:
          </code>
        </div>
        <p>
          Improve performance.
        </p>
      </div>
    </div>
  </article>
  <article
    className="emoji col-xs-12 col-sm-6 col-md-3"
  >
    <div
      className="emoji-card"
    >
      <header
        className="fire emoji-header"
      >
        <span
          className="emoji-icon gitmoji-emoji"
          data-clipboard-text="üî•"
        >
          üî•
        </span>
      </header>
      <div
        className="emoji-info"
      >
        <div
          className="gitmoji-code"
          data-clipboard-text=":fire:"
        >
          <code>
            :fire:
          </code>
        </div>
        <p>
          Remove code or files.
        </p>
      </div>
    </div>
  </article>
  <article
    className="emoji col-xs-12 col-sm-6 col-md-3"
  >
    <div
      className="emoji-card"
    >
      <header
        className="bug emoji-header"
      >
        <span
          className="emoji-icon gitmoji-emoji"
          data-clipboard-text="üêõ"
        >
          üêõ
        </span>
      </header>
      <div
        className="emoji-info"
      >
        <div
          className="gitmoji-code"
          data-clipboard-text=":bug:"
        >
          <code>
            :bug:
          </code>
        </div>
        <p>
          Fix a bug.
        </p>
      </div>
    </div>
  </article>
  <article
    className="emoji col-xs-12 col-sm-6 col-md-3"
  >
    <div
      className="emoji-card"
    >
      <header
        className="ambulance emoji-header"
      >
        <span
          className="emoji-icon gitmoji-emoji"
          data-clipboard-text="üöë"
        >
          üöë
        </span>
      </header>
      <div
        className="emoji-info"
      >
        <div
          className="gitmoji-code"
          data-clipboard-text=":ambulance:"
        >
          <code>
            :ambulance:
          </code>
        </div>
        <p>
          Critical hotfix.
        </p>
      </div>
    </div>
  </article>
  <article
    className="emoji col-xs-12 col-sm-6 col-md-3"
  >
    <div
      className="emoji-card"
    >
      <header
        className="sparkles emoji-header"
      >
        <span
          className="emoji-icon gitmoji-emoji"
          data-clipboard-text="‚ú®"
        >
          ‚ú®
        </span>
      </header>
      <div
        className="emoji-info"
      >
        <div
          className="gitmoji-code"
          data-clipboard-text=":sparkles:"
        >
          <code>
            :sparkles:
          </code>
        </div>
        <p>
          Introduce new features.
        </p>
      </div>
    </div>
  </article>
</div>
`;
