// Jest Snapshot v1, https://goo.gl/fbAQLP

exports[`CarbonAd should render the component 1`] = `
<div
  className="jsx-b734095dc71c6fb7 col-xs-12"
>
  <div
    className="jsx-b734095dc71c6fb7 carbon-container row center-xs"
  />
</div>
`;
