// Jest Snapshot v1, https://goo.gl/fbAQLP

exports[`Store should render StateProvider 1`] = `
<div>
  test
</div>
`;
