// Jest Snapshot v1, https://goo.gl/fbAQLP

exports[`CarbonAd should render the component 1`] = `
<div
  className="jsx-3878451597 col-xs-12"
>
  <div
    className="jsx-3878451597 carbon-container row center-xs"
  />
</div>
`;
