// Jest Snapshot v1, https://goo.gl/fbAQLP

exports[`Button should render the component 1`] = `null`;

exports[`Button should render the component with pageTitle and pageUrl 1`] = `null`;
